// Jest Snapshot v1, https://goo.gl/fbAQLP

exports[`components Not Found should render 1`] = `
ShallowWrapper {
  Symbol(enzyme.__root__): [Circular],
  Symbol(enzyme.__unrendered__): <NotFound />,
  Symbol(enzyme.__renderer__): Object {
    "batchedUpdates": [Function],
    "checkPropTypes": [Function],
    "getNode": [Function],
    "render": [Function],
    "simulateError": [Function],
    "simulateEvent": [Function],
    "unmount": [Function],
  },
  Symbol(enzyme.__node__): Object {
    "instance": null,
    "key": undefined,
    "nodeType": "host",
    "props": Object {
      "children": Array [
        <Row
          tag="div"
        >
          <Col
            tag="div"
            widths={
              Array [
                "xs",
                "sm",
                "md",
                "lg",
                "xl",
              ]
            }
          >
            <PageHeader
              pageId="notfound"
              pageTitle="Page not found"
            />
          </Col>
        </Row>,
        <div
          className="content-wrapper"
        >
          <Row
            className="text-center p-4"
            tag="div"
          >
            <Col
              tag="div"
              widths={
                Array [
                  "xs",
                  "sm",
                  "md",
                  "lg",
                  "xl",
                ]
              }
            >
              <h1
                className="font-weight-bold"
              >
                404
              </h1>
              <p>
                Page not found
              </p>
            </Col>
          </Row>
        </div>,
      ],
      "className": "NotFound",
    },
    "ref": null,
    "rendered": Array [
      Object {
        "instance": null,
        "key": undefined,
        "nodeType": "function",
        "props": Object {
          "children": <Col
            tag="div"
            widths={
              Array [
                "xs",
                "sm",
                "md",
                "lg",
                "xl",
              ]
            }
          >
            <PageHeader
              pageId="notfound"
              pageTitle="Page not found"
            />
          </Col>,
          "tag": "div",
        },
        "ref": null,
        "rendered": Object {
          "instance": null,
          "key": undefined,
          "nodeType": "function",
          "props": Object {
            "children": <PageHeader
              pageId="notfound"
              pageTitle="Page not found"
            />,
            "tag": "div",
            "widths": Array [
              "xs",
              "sm",
              "md",
              "lg",
              "xl",
            ],
          },
          "ref": null,
          "rendered": Object {
            "instance": null,
            "key": undefined,
            "nodeType": "function",
            "props": Object {
              "pageId": "notfound",
              "pageTitle": "Page not found",
            },
            "ref": null,
            "rendered": null,
            "type": [Function],
          },
          "type": [Function],
        },
        "type": [Function],
      },
      Object {
        "instance": null,
        "key": undefined,
        "nodeType": "host",
        "props": Object {
          "children": <Row
            className="text-center p-4"
            tag="div"
          >
            <Col
              tag="div"
              widths={
                Array [
                  "xs",
                  "sm",
                  "md",
                  "lg",
                  "xl",
                ]
              }
            >
              <h1
                className="font-weight-bold"
              >
                404
              </h1>
              <p>
                Page not found
              </p>
            </Col>
          </Row>,
          "className": "content-wrapper",
        },
        "ref": null,
        "rendered": Object {
          "instance": null,
          "key": undefined,
          "nodeType": "function",
          "props": Object {
            "children": <Col
              tag="div"
              widths={
                Array [
                  "xs",
                  "sm",
                  "md",
                  "lg",
                  "xl",
                ]
              }
            >
              <h1
                className="font-weight-bold"
              >
                404
              </h1>
              <p>
                Page not found
              </p>
            </Col>,
            "className": "text-center p-4",
            "tag": "div",
          },
          "ref": null,
          "rendered": Object {
            "instance": null,
            "key": undefined,
            "nodeType": "function",
            "props": Object {
              "children": Array [
                <h1
                  className="font-weight-bold"
                >
                  404
                </h1>,
                <p>
                  Page not found
                </p>,
              ],
              "tag": "div",
              "widths": Array [
                "xs",
                "sm",
                "md",
                "lg",
                "xl",
              ],
            },
            "ref": null,
            "rendered": Array [
              Object {
                "instance": null,
                "key": undefined,
                "nodeType": "host",
                "props": Object {
                  "children": "404",
                  "className": "font-weight-bold",
                },
                "ref": null,
                "rendered": "404",
                "type": "h1",
              },
              Object {
                "instance": null,
                "key": undefined,
                "nodeType": "host",
                "props": Object {
                  "children": "Page not found",
                },
                "ref": null,
                "rendered": "Page not found",
                "type": "p",
              },
            ],
            "type": [Function],
          },
          "type": [Function],
        },
        "type": "div",
      },
    ],
    "type": "div",
  },
  Symbol(enzyme.__nodes__): Array [
    Object {
      "instance": null,
      "key": undefined,
      "nodeType": "host",
      "props": Object {
        "children": Array [
          <Row
            tag="div"
          >
            <Col
              tag="div"
              widths={
                Array [
                  "xs",
                  "sm",
                  "md",
                  "lg",
                  "xl",
                ]
              }
            >
              <PageHeader
                pageId="notfound"
                pageTitle="Page not found"
              />
            </Col>
          </Row>,
          <div
            className="content-wrapper"
          >
            <Row
              className="text-center p-4"
              tag="div"
            >
              <Col
                tag="div"
                widths={
                  Array [
                    "xs",
                    "sm",
                    "md",
                    "lg",
                    "xl",
                  ]
                }
              >
                <h1
                  className="font-weight-bold"
                >
                  404
                </h1>
                <p>
                  Page not found
                </p>
              </Col>
            </Row>
          </div>,
        ],
        "className": "NotFound",
      },
      "ref": null,
      "rendered": Array [
        Object {
          "instance": null,
          "key": undefined,
          "nodeType": "function",
          "props": Object {
            "children": <Col
              tag="div"
              widths={
                Array [
                  "xs",
                  "sm",
                  "md",
                  "lg",
                  "xl",
                ]
              }
            >
              <PageHeader
                pageId="notfound"
                pageTitle="Page not found"
              />
            </Col>,
            "tag": "div",
          },
          "ref": null,
          "rendered": Object {
            "instance": null,
            "key": undefined,
            "nodeType": "function",
            "props": Object {
              "children": <PageHeader
                pageId="notfound"
                pageTitle="Page not found"
              />,
              "tag": "div",
              "widths": Array [
                "xs",
                "sm",
                "md",
                "lg",
                "xl",
              ],
            },
            "ref": null,
            "rendered": Object {
              "instance": null,
              "key": undefined,
              "nodeType": "function",
              "props": Object {
                "pageId": "notfound",
                "pageTitle": "Page not found",
              },
              "ref": null,
              "rendered": null,
              "type": [Function],
            },
            "type": [Function],
          },
          "type": [Function],
        },
        Object {
          "instance": null,
          "key": undefined,
          "nodeType": "host",
          "props": Object {
            "children": <Row
              className="text-center p-4"
              tag="div"
            >
              <Col
                tag="div"
                widths={
                  Array [
                    "xs",
                    "sm",
                    "md",
                    "lg",
                    "xl",
                  ]
                }
              >
                <h1
                  className="font-weight-bold"
                >
                  404
                </h1>
                <p>
                  Page not found
                </p>
              </Col>
            </Row>,
            "className": "content-wrapper",
          },
          "ref": null,
          "rendered": Object {
            "instance": null,
            "key": undefined,
            "nodeType": "function",
            "props": Object {
              "children": <Col
                tag="div"
                widths={
                  Array [
                    "xs",
                    "sm",
                    "md",
                    "lg",
                    "xl",
                  ]
                }
              >
                <h1
                  className="font-weight-bold"
                >
                  404
                </h1>
                <p>
                  Page not found
                </p>
              </Col>,
              "className": "text-center p-4",
              "tag": "div",
            },
            "ref": null,
            "rendered": Object {
              "instance": null,
              "key": undefined,
              "nodeType": "function",
              "props": Object {
                "children": Array [
                  <h1
                    className="font-weight-bold"
                  >
                    404
                  </h1>,
                  <p>
                    Page not found
                  </p>,
                ],
                "tag": "div",
                "widths": Array [
                  "xs",
                  "sm",
                  "md",
                  "lg",
                  "xl",
                ],
              },
              "ref": null,
              "rendered": Array [
                Object {
                  "instance": null,
                  "key": undefined,
                  "nodeType": "host",
                  "props": Object {
                    "children": "404",
                    "className": "font-weight-bold",
                  },
                  "ref": null,
                  "rendered": "404",
                  "type": "h1",
                },
                Object {
                  "instance": null,
                  "key": undefined,
                  "nodeType": "host",
                  "props": Object {
                    "children": "Page not found",
                  },
                  "ref": null,
                  "rendered": "Page not found",
                  "type": "p",
                },
              ],
              "type": [Function],
            },
            "type": [Function],
          },
          "type": "div",
        },
      ],
      "type": "div",
    },
  ],
  Symbol(enzyme.__options__): Object {
    "adapter": ReactSixteenAdapter {
      "options": Object {
        "enableComponentDidUpdateOnSetState": true,
        "legacyContextMode": "parent",
        "lifecycles": Object {
          "componentDidUpdate": Object {
            "onSetState": true,
          },
          "getChildContext": Object {
            "calledByRenderer": false,
          },
          "getDerivedStateFromProps": Object {
            "hasShouldComponentUpdateBug": false,
          },
          "getSnapshotBeforeUpdate": true,
          "setState": Object {
            "skipsComponentDidUpdateOnNullish": true,
          },
        },
      },
    },
  },
}
`;
